Class30 24/06/2025

Autofs File system Configuration

Autofs types:
=============
1) auto direct (webpublic)
2) auto indirect (servers/prod)

Steps to configure NFS server:
============================== 
Step1: Install the NFS package using yum or rpm and enable the service
	# rpm -qa |grep -i nfs
	# yum install nfs-utils
	# rpm -qa |grep -i nfs
	# systemctl start nfs
	# systemctl enable nfs
Step2: Create new file system /public 500Mb added some public
	# df -h
	Filesystem                   Size  Used Avail Use% Mounted on
	/dev/unixvg-solarislv   477M   69M  379M  16% /solaris
	/dev/unixvg-linuxlv   477M   62M  387M  14% /linux

Step3: Export the directory by editing /etc/exports file and using exportfs command
	# vi /etc/exports
	# cat /etc/exports
	/solaris  c111xyz(sync,rw,no_root_sqash)
	/linux  c111xyz(sync,rw,no_root_sqash)

	# exportfs -avr
	exporting c111xyz:/solaris
	exporting c111xyz:/linux

	# showmount -e nfsserver
	exporting c111xyz:/solaris
	exporting c111xyz:/linux

Step4: Restart the services and make it permanent
	# systemctl restart nfs
	# systemctl status nfs
 
Steps to configure Autofs In-Direct (Soft-indirect Mounts):
===========================================================
Step1: check the NFS server access and shared file system information
	# ping nfsserver
	# ssh nfsserver
	# showmount -e nfsserver
Step2: mount the file system on clinet server
	# mount -t nfs nfsserver:/solaris /mnt
	# df -h /mnt
	# cd /mnt; ls -l
	# cd /
	# umount /mnt
Step3: confugure autofs direct mount (soft indirect mounts)
	# rpm -qa |grep -i autofs
	# yum install autofs
	# systemctl enable autofs
	# systemctl start autofs
	# systemctl status autofs
Step4: Add file system entires into autofs files
	# cat/etc/auto.master
	/packages       /etc/auto.indirect      --timeout=60
	# cat /etc/auto.indirect
	soalris      -rw,sync,intr   nfsserver:/solaris
	linux      -rw,sync,intr   nfsserver:/linux
	# systectl restart autofs
Step: mount the file systems by entering into autofs directories
	# cd /packages/solaris
	# df -h
	nfsserver:/solaris       477M  119M  329M  27% /packages/solaris
	# ls -l 
	# cd /       ======> move to other location from the autofs file system
	# df -h 
	Not show any /packages/solaris file system information

Lab Tasks:
==========
1) sdb 5Gb==> tsmvg ===> tsmdata1,tsmdata2,tsmdata3,tsmdata4,tsmdata5
2) sdc 6Gb==> gridvg====> grid1,grid2,grid3,grid4,grid5,grid6
3) sdd 8Gb==> sybasevg====> sybasedb1,sybasedb2,sybasedb3,sybasedb4      =====> all file systems mount on /database/XXXX in nfsclient server.

NFS Server Session Outputs:
===========================
login as: root
root@192.168.29.120's password:
Last failed login: Fri Aug  1 19:57:46 IST 2025 from 2405:201:c037:d269:c268:ccf                                                                                             f:fe6b:db71 on ssh:notty
There were 54 failed login attempts since the last successful login.
Last login: Thu Jul 31 19:48:03 2025 from 192.168.29.211
[root@nfssrv ~]#
[root@nfssrv ~]#
[root@nfssrv ~]# parted -l
Model: VMware, VMware Virtual S (scsi)
Disk /dev/sda: 21.5GB
Sector size (logical/physical): 512B/512B
Partition Table: msdos
Disk Flags:

Number  Start   End     Size    Type     File system  Flags
 1      1049kB  1075MB  1074MB  primary  xfs          boot
 2      1075MB  21.5GB  20.4GB  primary               lvm


Model: VMware, VMware Virtual S (scsi)
Disk /dev/sdb: 2147MB
Sector size (logical/physical): 512B/512B
Partition Table: gpt
Disk Flags:

Number  Start   End     Size    File system  Name     Flags
 1      1049kB  2146MB  2145MB               logical


Model: VMware, VMware Virtual S (scsi)
Disk /dev/sdc: 2147MB
Sector size (logical/physical): 512B/512B
Partition Table: gpt
Disk Flags:

Number  Start   End     Size    File system  Name     Flags
 1      1049kB  2146MB  2145MB               logical


Model: VMware, VMware Virtual S (scsi)
Disk /dev/sdd: 1074MB
Sector size (logical/physical): 512B/512B
Partition Table: gpt
Disk Flags:

Number  Start   End     Size    File system  Name     Flags
 1      1049kB  1073MB  1072MB               logical


Model: VMware, VMware Virtual S (scsi)
Disk /dev/sde: 3221MB
Sector size (logical/physical): 512B/512B
Partition Table: gpt
Disk Flags:

Number  Start   End     Size    File system  Name     Flags
 1      1049kB  3220MB  3219MB               logical


Model: VMware, VMware Virtual S (scsi)
Disk /dev/sdf: 2147MB
Sector size (logical/physical): 512B/512B
Partition Table: gpt
Disk Flags:

Number  Start   End     Size    File system  Name     Flags
 1      1049kB  2146MB  2145MB               logical


Model: Linux device-mapper (linear) (dm)
Disk /dev/mapper/infravg-infralv: 3217MB
Sector size (logical/physical): 512B/512B
Partition Table: loop
Disk Flags:

Number  Start  End     Size    File system  Flags
 1      0.00B  3217MB  3217MB  xfs


Model: Linux device-mapper (linear) (dm)
Disk /dev/mapper/webdatavg-webdata2lv: 629MB
Sector size (logical/physical): 512B/512B
Partition Table: loop
Disk Flags:

Number  Start  End    Size   File system  Flags
 1      0.00B  629MB  629MB  xfs


Model: Linux device-mapper (linear) (dm)
Disk /dev/mapper/webdatavg-webdata3lv: 466MB
Sector size (logical/physical): 512B/512B
Partition Table: loop
Disk Flags:

Number  Start  End    Size   File system  Flags
 1      0.00B  466MB  466MB  xfs


Model: Linux device-mapper (linear) (dm)
Disk /dev/mapper/webdatavg-webdata1lv: 1049MB
Sector size (logical/physical): 512B/512B
Partition Table: loop
Disk Flags:

Number  Start  End     Size    File system  Flags
 1      0.00B  1049MB  1049MB  ext4


Error: /dev/mapper/ashokvg-ashok1lv: unrecognised disk label
Model: Linux device-mapper (linear) (dm)
Disk /dev/mapper/ashokvg-ashok1lv: 315MB
Sector size (logical/physical): 512B/512B
Partition Table: unknown
Disk Flags:

Model: Linux device-mapper (linear) (dm)
Disk /dev/mapper/datavg-data1lv: 1074MB
Sector size (logical/physical): 512B/512B
Partition Table: loop
Disk Flags:

Number  Start  End     Size    File system  Flags
 1      0.00B  1074MB  1074MB  xfs


Error: /dev/mapper/ashokvg-ashok2lv: unrecognised disk label
Model: Linux device-mapper (linear) (dm)
Disk /dev/mapper/ashokvg-ashok2lv: 440MB
Sector size (logical/physical): 512B/512B
Partition Table: unknown
Disk Flags:

Model: Linux device-mapper (linear) (dm)
Disk /dev/mapper/datavg-data2lv: 1070MB
Sector size (logical/physical): 512B/512B
Partition Table: loop
Disk Flags:

Number  Start  End     Size    File system  Flags
 1      0.00B  1070MB  1070MB  xfs


Model: Linux device-mapper (linear) (dm)
Disk /dev/mapper/rhel-swap: 2147MB
Sector size (logical/physical): 512B/512B
Partition Table: loop
Disk Flags:

Number  Start  End     Size    File system     Flags
 1      0.00B  2147MB  2147MB  linux-swap(v1)


Model: Linux device-mapper (linear) (dm)
Disk /dev/mapper/rhel-root: 18.2GB
Sector size (logical/physical): 512B/512B
Partition Table: loop
Disk Flags:

Number  Start  End     Size    File system  Flags
 1      0.00B  18.2GB  18.2GB  xfs


Warning: Unable to open /dev/sr0 read-write (Read-only file system).  /dev/sr0
has been opened read-only.
Model: NECVMWar VMware SATA CD01 (scsi)
Disk /dev/sr0: 4374MB
Sector size (logical/physical): 2048B/2048B
Partition Table: msdos
Disk Flags:

Number  Start   End     Size    Type     File system  Flags
 2      1442MB  1479MB  36.8MB  primary


[root@nfssrv ~]#
[root@nfssrv ~]#
[root@nfssrv ~]# pvs
  PV         VG        Fmt  Attr PSize    PFree
  /dev/sda2  rhel      lvm2 a--   <19.00g      0
  /dev/sdb1  webdatavg lvm2 a--    <2.00g      0
  /dev/sdc1  sharevg   lvm2 ax-    <2.00g      0
  /dev/sdd1  ashokvg   lvm2 a--  1020.00m 300.00m
  /dev/sde1  infravg   lvm2 a--    <3.00g      0
  /dev/sdf1  datavg    lvm2 a--    <2.00g      0
[root@nfssrv ~]#
[root@nfssrv ~]# df -h
Filesystem                    Size  Used Avail Use% Mounted on
/dev/mapper/rhel-root          17G  1.4G   16G   9% /
devtmpfs                      901M     0  901M   0% /dev
tmpfs                         912M     0  912M   0% /dev/shm
tmpfs                         912M  8.8M  903M   1% /run
tmpfs                         912M     0  912M   0% /sys/fs/cgroup
/dev/sda1                    1014M  143M  872M  15% /boot
/dev/mapper/datavg-data1lv   1014M   33M  982M   4% /data1
/dev/mapper/infravg-infralv   3.0G   33M  3.0G   2% /infra
/dev/mapper/datavg-data2lv   1017M   33M  985M   4% /data2
tmpfs                         183M     0  183M   0% /run/user/0
/dev/mapper/unixvg-solarislv  477M  2.3M  445M   1% /solaris
/dev/mapper/unixvg-linuxlv    517M   27M  491M   6% /linux
[root@nfssrv ~]#
[root@nfssrv ~]#
[root@nfssrv ~]#
[root@nfssrv ~]# cd /solaris/
[root@nfssrv solaris]# mkdir dir1 dir dir3 dir4 dir5
[root@nfssrv solaris]# ls -l
total 17
drwxr-xr-x 2 root root  1024 Aug  1 20:14 dir
drwxr-xr-x 2 root root  1024 Aug  1 20:14 dir1
drwxr-xr-x 2 root root  1024 Aug  1 20:14 dir3
drwxr-xr-x 2 root root  1024 Aug  1 20:14 dir4
drwxr-xr-x 2 root root  1024 Aug  1 20:14 dir5
drwx------ 2 root root 12288 Aug  1 20:11 lost+found
[root@nfssrv solaris]# cd /linux/
[root@nfssrv linux]# ls -l
total 0
[root@nfssrv linux]#
[root@nfssrv linux]# touch file1 file2 file3 file4 file5
[root@nfssrv linux]# ls -l
total 0
-rw-r--r-- 1 root root 0 Aug  1 20:15 file1
-rw-r--r-- 1 root root 0 Aug  1 20:15 file2
-rw-r--r-- 1 root root 0 Aug  1 20:15 file3
-rw-r--r-- 1 root root 0 Aug  1 20:15 file4
-rw-r--r-- 1 root root 0 Aug  1 20:15 file5
[root@nfssrv linux]# cd /
[root@nfssrv /]#
[root@nfssrv /]# df -h
Filesystem                    Size  Used Avail Use% Mounted on
/dev/mapper/rhel-root          17G  1.4G   16G   9% /
devtmpfs                      901M     0  901M   0% /dev
tmpfs                         912M     0  912M   0% /dev/shm
tmpfs                         912M  8.8M  903M   1% /run
tmpfs                         912M     0  912M   0% /sys/fs/cgroup
/dev/sda1                    1014M  143M  872M  15% /boot
/dev/mapper/datavg-data1lv   1014M   33M  982M   4% /data1
/dev/mapper/infravg-infralv   3.0G   33M  3.0G   2% /infra
/dev/mapper/datavg-data2lv   1017M   33M  985M   4% /data2
tmpfs                         183M     0  183M   0% /run/user/0
/dev/mapper/unixvg-solarislv  477M  2.3M  445M   1% /solaris
/dev/mapper/unixvg-linuxlv    517M   27M  491M   6% /linux
[root@nfssrv /]#
[root@nfssrv /]#
[root@nfssrv /]#
[root@nfssrv /]#
[root@nfssrv /]# df -Th
Filesystem                   Type      Size  Used Avail Use% Mounted on
/dev/mapper/rhel-root        xfs        17G  1.4G   16G   9% /
devtmpfs                     devtmpfs  901M     0  901M   0% /dev
tmpfs                        tmpfs     912M     0  912M   0% /dev/shm
tmpfs                        tmpfs     912M  8.8M  903M   1% /run
tmpfs                        tmpfs     912M     0  912M   0% /sys/fs/cgroup
/dev/sda1                    xfs      1014M  143M  872M  15% /boot
/dev/mapper/datavg-data1lv   xfs      1014M   33M  982M   4% /data1
/dev/mapper/infravg-infralv  xfs       3.0G   33M  3.0G   2% /infra
/dev/mapper/datavg-data2lv   xfs      1017M   33M  985M   4% /data2
tmpfs                        tmpfs     183M     0  183M   0% /run/user/0
/dev/mapper/unixvg-solarislv ext4      477M  2.3M  445M   1% /solaris
/dev/mapper/unixvg-linuxlv   xfs       517M   27M  491M   6% /linux
[root@nfssrv /]#
[root@nfssrv /]#
[root@nfssrv /]#
[root@nfssrv /]# vi /etc/exports
[root@nfssrv /]#
[root@nfssrv /]# cat /etc/exports
/infra  nfscli(sync,rw,no_root_squash)
/data1  *(sync,rw,no_root_squash)
/data2  *(sync,rw,root_squash)
/solaris        nfssrv(sync/rw,no_root_squash)
/linux  nfssrv(sync/rw,no_root_squash)
[root@nfssrv /]#
[root@nfssrv /]# exportfs -avr
exportfs: /etc/exports:4: unknown keyword "sync/rw"

exporting nfscli:/infra
exporting *:/data2
exporting *:/data1
[root@nfssrv /]#
[root@nfssrv /]# vi /etc/exports
[root@nfssrv /]#
[root@nfssrv /]#
[root@nfssrv /]# exportfs -avr
exporting nfssrv:/linux
exporting nfssrv:/solaris
exporting nfscli:/infra
exporting *:/data2
exporting *:/data1
[root@nfssrv /]#
[root@nfssrv /]#
[root@nfssrv /]# showmount -e
Export list for nfssrv:
/data2   *
/data1   *
/linux   nfssrv
/solaris nfssrv
/infra   nfscli
[root@nfssrv /]#
[root@nfssrv /]#
[root@nfssrv /]# vi /etc/exports
[root@nfssrv /]#
[root@nfssrv /]# showmount -e
Export list for nfssrv:
/data2   *
/data1   *
/linux   nfssrv
/solaris nfssrv
/infra   nfscli
[root@nfssrv /]#
[root@nfssrv /]#
[root@nfssrv /]# exportfs -avr
exporting nfscli:/linux
exporting nfscli:/solaris
exporting nfscli:/infra
exporting *:/data2
exporting *:/data1
[root@nfssrv /]#
[root@nfssrv /]#
[root@nfssrv /]# showmount -e
Export list for nfssrv:
/data2   *
/data1   *
/linux   nfscli
/solaris nfscli
/infra   nfscli
[root@nfssrv /]#
[root@nfssrv /]#


Session Client Outputs:
=======================
login as: root
root@192.168.29.160's password:
Last login: Fri Aug  1 19:57:54 2025
[root@nfscli ~]#
[root@nfscli ~]#
[root@nfscli ~]#
[root@nfscli ~]#
[root@nfscli ~]# df -h
Filesystem                 Size  Used Avail Use% Mounted on
/dev/mapper/rootvg-rootlv   17G  911M   17G   6% /
devtmpfs                   901M     0  901M   0% /dev
tmpfs                      912M     0  912M   0% /dev/shm
tmpfs                      912M  8.8M  903M   1% /run
tmpfs                      912M     0  912M   0% /sys/fs/cgroup
/dev/sda1                 1014M  143M  872M  15% /boot
/dev/mapper/rootvg-optlv   3.0G   33M  3.0G   2% /opt
/dev/mapper/rootvg-homelv  2.0G   33M  2.0G   2% /home
/dev/mapper/rootvg-varlv    10G  3.8G  6.3G  38% /var
/dev/mapper/rootvg-tmplv   5.0G   33M  5.0G   1% /tmp
nfssrv:/infra              3.0G   32M  3.0G   2% /shareinfra
tmpfs                      183M     0  183M   0% /run/user/0
[root@nfscli ~]#
[root@nfscli ~]#
[root@nfscli ~]# showmount -e nfssrv
Export list for nfssrv:
/data2   *
/data1   *
/linux   nfscli
/solaris nfscli
/infra   nfscli
[root@nfscli ~]#
[root@nfscli ~]#
[root@nfscli ~]# vi /etc/auto.master
[root@nfscli ~]#
[root@nfscli ~]# tail -2 /etc/auto.master
/-      /etc/auto.data  --timeout=60
/packages       /etc/auto.indirect      --timeout=40
[root@nfscli ~]#
[root@nfscli ~]# vi /etc/auto.indirect
[root@nfscli ~]#
[root@nfscli ~]#
[root@nfscli ~]# cd /
[root@nfscli /]# ls
bin  boot  dev  etc  home  lib  lib64  media  misc  mnt  net  opt  proc  root  run  sbin  sharedata1  sharedata2  shareinfra  srv  sys  tmp  usr  var
[root@nfscli /]# systemctl restart autofs
[root@nfscli /]# ls
bin  boot  dev  etc  home  lib  lib64  media  misc  mnt  net  opt  packages  proc  root  run  sbin  sharedata1  sharedata2  shareinfra  srv  sys  tmp  usr  var
[root@nfscli /]# cd packages
[root@nfscli packages]# ls -l
total 0
[root@nfscli packages]#
[root@nfscli packages]# df -h .
Filesystem          Size  Used Avail Use% Mounted on
/etc/auto.indirect     0     0     0    - /packages
[root@nfscli packages]#
[root@nfscli packages]#
[root@nfscli packages]# ls -l
total 0
[root@nfscli packages]#
[root@nfscli packages]#
[root@nfscli packages]# cd solaris
[root@nfscli solaris]#
[root@nfscli solaris]#
[root@nfscli solaris]# ls -l
total 17
drwxr-xr-x 2 root root  1024 Aug  1 20:14 dir
drwxr-xr-x 2 root root  1024 Aug  1 20:14 dir1
drwxr-xr-x 2 root root  1024 Aug  1 20:14 dir3
drwxr-xr-x 2 root root  1024 Aug  1 20:14 dir4
drwxr-xr-x 2 root root  1024 Aug  1 20:14 dir5
drwx------ 2 root root 12288 Aug  1 20:11 lost+found
[root@nfscli solaris]#
[root@nfscli solaris]#
[root@nfscli solaris]# df -h
Filesystem                 Size  Used Avail Use% Mounted on
/dev/mapper/rootvg-rootlv   17G  911M   17G   6% /
devtmpfs                   901M     0  901M   0% /dev
tmpfs                      912M     0  912M   0% /dev/shm
tmpfs                      912M  8.8M  903M   1% /run
tmpfs                      912M     0  912M   0% /sys/fs/cgroup
/dev/sda1                 1014M  143M  872M  15% /boot
/dev/mapper/rootvg-optlv   3.0G   33M  3.0G   2% /opt
/dev/mapper/rootvg-homelv  2.0G   33M  2.0G   2% /home
/dev/mapper/rootvg-varlv    10G  3.8G  6.3G  38% /var
/dev/mapper/rootvg-tmplv   5.0G   33M  5.0G   1% /tmp
nfssrv:/infra              3.0G   32M  3.0G   2% /shareinfra
tmpfs                      183M     0  183M   0% /run/user/0
nfssrv:/solaris            477M  2.3M  445M   1% /packages/solaris
[root@nfscli solaris]#
[root@nfscli solaris]#
[root@nfscli solaris]#
[root@nfscli solaris]# cd /packages/linux
[root@nfscli linux]# df -h
Filesystem                 Size  Used Avail Use% Mounted on
/dev/mapper/rootvg-rootlv   17G  911M   17G   6% /
devtmpfs                   901M     0  901M   0% /dev
tmpfs                      912M     0  912M   0% /dev/shm
tmpfs                      912M  8.8M  903M   1% /run
tmpfs                      912M     0  912M   0% /sys/fs/cgroup
/dev/sda1                 1014M  143M  872M  15% /boot
/dev/mapper/rootvg-optlv   3.0G   33M  3.0G   2% /opt
/dev/mapper/rootvg-homelv  2.0G   33M  2.0G   2% /home
/dev/mapper/rootvg-varlv    10G  3.8G  6.3G  38% /var
/dev/mapper/rootvg-tmplv   5.0G   33M  5.0G   1% /tmp
nfssrv:/infra              3.0G   32M  3.0G   2% /shareinfra
tmpfs                      183M     0  183M   0% /run/user/0
nfssrv:/solaris            477M  2.3M  445M   1% /packages/solaris
nfssrv:/linux              517M   27M  491M   6% /packages/linux
[root@nfscli linux]# ls -l
total 0
-rw-r--r-- 1 root root 0 Aug  1 20:15 file1
-rw-r--r-- 1 root root 0 Aug  1 20:15 file2
-rw-r--r-- 1 root root 0 Aug  1 20:15 file3
-rw-r--r-- 1 root root 0 Aug  1 20:15 file4
-rw-r--r-- 1 root root 0 Aug  1 20:15 file5
[root@nfscli linux]#
[root@nfscli linux]#
[root@nfscli linux]# cd ..
[root@nfscli packages]#
[root@nfscli packages]#
[root@nfscli packages]# ls -l
total 1
drwxr-xr-x 2 root root   71 Aug  1 20:15 linux
drwxr-xr-x 8 root root 1024 Aug  1 20:14 solaris
[root@nfscli packages]#
[root@nfscli packages]#
[root@nfscli packages]# cd /
[root@nfscli /]#
[root@nfscli /]#
[root@nfscli /]# df -h
Filesystem                 Size  Used Avail Use% Mounted on
/dev/mapper/rootvg-rootlv   17G  911M   17G   6% /
devtmpfs                   901M     0  901M   0% /dev
tmpfs                      912M     0  912M   0% /dev/shm
tmpfs                      912M  8.8M  903M   1% /run
tmpfs                      912M     0  912M   0% /sys/fs/cgroup
/dev/sda1                 1014M  143M  872M  15% /boot
/dev/mapper/rootvg-optlv   3.0G   33M  3.0G   2% /opt
/dev/mapper/rootvg-homelv  2.0G   33M  2.0G   2% /home
/dev/mapper/rootvg-varlv    10G  3.8G  6.3G  38% /var
/dev/mapper/rootvg-tmplv   5.0G   33M  5.0G   1% /tmp
nfssrv:/infra              3.0G   32M  3.0G   2% /shareinfra
tmpfs                      183M     0  183M   0% /run/user/0
nfssrv:/solaris            477M  2.3M  445M   1% /packages/solaris
nfssrv:/linux              517M   27M  491M   6% /packages/linux
[root@nfscli /]#
[root@nfscli /]#
[root@nfscli /]# cd /packages/
[root@nfscli packages]# ls -l
total 1
drwxr-xr-x 2 root root   71 Aug  1 20:15 linux
drwxr-xr-x 8 root root 1024 Aug  1 20:14 solaris
[root@nfscli packages]#
[root@nfscli packages]# cat /etc/auto.indirect
solaris -rw,sync,intr   nfssrv:/solaris
linux   -rw,sync,intr   nfssrv:/linux
[root@nfscli packages]# ls -l
total 0
[root@nfscli packages]#
[root@nfscli packages]#
[root@nfscli packages]# df -h
Filesystem                 Size  Used Avail Use% Mounted on
/dev/mapper/rootvg-rootlv   17G  911M   17G   6% /
devtmpfs                   901M     0  901M   0% /dev
tmpfs                      912M     0  912M   0% /dev/shm
tmpfs                      912M  8.8M  903M   1% /run
tmpfs                      912M     0  912M   0% /sys/fs/cgroup
/dev/sda1                 1014M  143M  872M  15% /boot
/dev/mapper/rootvg-optlv   3.0G   33M  3.0G   2% /opt
/dev/mapper/rootvg-homelv  2.0G   33M  2.0G   2% /home
/dev/mapper/rootvg-varlv    10G  3.8G  6.3G  38% /var
/dev/mapper/rootvg-tmplv   5.0G   33M  5.0G   1% /tmp
nfssrv:/infra              3.0G   32M  3.0G   2% /shareinfra
tmpfs                      183M     0  183M   0% /run/user/0
[root@nfscli packages]#
[root@nfscli packages]#
[root@nfscli packages]# ls
[root@nfscli packages]#
[root@nfscli packages]#
[root@nfscli packages]# cd /
[root@nfscli /]#
[root@nfscli /]# rmdir /packages/
rmdir: failed to remove ‘/packages/’: Device or resource busy
[root@nfscli /]# rm -rf /packages/
rm: cannot remove ‘/packages/’: Device or resource busy
[root@nfscli /]#
[root@nfscli /]# ls -l /packages/
total 0
[root@nfscli /]#
[root@nfscli /]# rm -rf /packages/
rm: cannot remove ‘/packages/’: Device or resource busy
[root@nfscli /]#
[root@nfscli /]#
[root@nfscli /]# ls -l
total 20
lrwxrwxrwx.   1 root root    7 Jul 23 20:24 bin -> usr/bin
dr-xr-xr-x.   4 root root 4096 Jul 28 20:08 boot
drwxr-xr-x   20 root root 3320 Aug  1 19:56 dev
drwxr-xr-x.  81 root root 8192 Aug  1 20:21 etc
drwxr-xr-x.   2 root root    6 Mar 10  2016 home
lrwxrwxrwx.   1 root root    7 Jul 23 20:24 lib -> usr/lib
lrwxrwxrwx.   1 root root    9 Jul 23 20:24 lib64 -> usr/lib64
drwxr-xr-x.   2 root root    6 Mar 10  2016 media
drwxr-xr-x    2 root root    0 Aug  1 20:22 misc
drwxr-xr-x.   2 root root    6 Mar 10  2016 mnt
drwxr-xr-x    2 root root    0 Aug  1 20:22 net
drwxr-xr-x.   2 root root    6 Mar 10  2016 opt
drwxr-xr-x    2 root root    0 Aug  1 20:23 packages
dr-xr-xr-x  227 root root    0 Aug  1 19:55 proc
dr-xr-x---.   2 root root  135 Jul 23 21:08 root
drwxr-xr-x   25 root root  960 Aug  1 20:22 run
lrwxrwxrwx.   1 root root    8 Jul 23 20:24 sbin -> usr/sbin
drwxr-xr-x    2 root root    0 Aug  1 20:22 sharedata1
drwxr-xr-x    2 root root    0 Aug  1 20:22 sharedata2
drwxr-xr-x    2 root root    6 Jul 25 20:27 shareinfra
drwxr-xr-x.   2 root root    6 Mar 10  2016 srv
dr-xr-xr-x   13 root root    0 Aug  1 19:55 sys
drwxrwxrwt.  11 root root 4096 Aug  1 20:22 tmp
drwxr-xr-x.  13 root root  155 Jul 23 20:24 usr
drwxr-xr-x.  20 root root  278 Jul 25 20:01 var
[root@nfscli /]#
[root@nfscli /]#
[root@nfscli /]# cd packages/solaris
[root@nfscli solaris]# ls -l
total 17
drwxr-xr-x 2 root root  1024 Aug  1 20:14 dir
drwxr-xr-x 2 root root  1024 Aug  1 20:14 dir1
drwxr-xr-x 2 root root  1024 Aug  1 20:14 dir3
drwxr-xr-x 2 root root  1024 Aug  1 20:14 dir4
drwxr-xr-x 2 root root  1024 Aug  1 20:14 dir5
drwx------ 2 root root 12288 Aug  1 20:11 lost+found
[root@nfscli solaris]# cd linux
-bash: cd: linux: No such file or directory
[root@nfscli solaris]# cd /packages/linux
[root@nfscli linux]#
[root@nfscli linux]# ls -l
total 0
-rw-r--r-- 1 root root 0 Aug  1 20:15 file1
-rw-r--r-- 1 root root 0 Aug  1 20:15 file2
-rw-r--r-- 1 root root 0 Aug  1 20:15 file3
-rw-r--r-- 1 root root 0 Aug  1 20:15 file4
-rw-r--r-- 1 root root 0 Aug  1 20:15 file5
[root@nfscli linux]#
[root@nfscli linux]# cd ..
[root@nfscli packages]# ls -l
total 1
drwxr-xr-x 2 root root   71 Aug  1 20:15 linux
drwxr-xr-x 8 root root 1024 Aug  1 20:14 solaris
[root@nfscli packages]#
[root@nfscli packages]# cd /
[root@nfscli /]#
[root@nfscli /]#
[root@nfscli /]#
